[    0.000000] Linux version 4.15.0-156-generic (buildd@lcy01-amd64-008) (gcc version 7.5.0 (Ubuntu 7.5.0-3ubuntu1~18.04)) #163-Ubuntu SMP Thu Aug 19 23:31:58 UTC 2021 (Ubuntu 4.15.0-156.163-generic 4.15.18)
[    0.000000] Command line: BOOT_IMAGE=/boot/vmlinuz-4.15.0-156-generic root=LABEL=cloudimg-rootfs ro console=tty1 console=ttyS0
[    0.000000] KERNEL supported cpus:
[    0.000000]   Intel GenuineIntel
[    0.000000]   AMD AuthenticAMD
[    0.000000]   Centaur CentaurHauls
[    0.000000] x86/fpu: Supporting XSAVE feature 0x001: 'x87 floating point registers'
[    0.000000] x86/fpu: Supporting XSAVE feature 0x002: 'SSE registers'
[    0.000000] x86/fpu: Supporting XSAVE feature 0x004: 'AVX registers'
[    0.000000] x86/fpu: xstate_offset[2]:  576, xstate_sizes[2]:  256
[    0.000000] x86/fpu: Enabled xstate features 0x7, context size is 832 bytes, using 'standard' format.
[    0.000000] e820: BIOS-provided physical RAM map:
[    0.000000] BIOS-e820: [mem 0x0000000000000000-0x000000000009fbff] usable
[    0.000000] BIOS-e820: [mem 0x000000000009fc00-0x000000000009ffff] reserved
[    0.000000] BIOS-e820: [mem 0x00000000000f0000-0x00000000000fffff] reserved
[    0.000000] BIOS-e820: [mem 0x0000000000100000-0x000000007e7effff] usable
[    0.000000] BIOS-e820: [mem 0x000000007e7f0000-0x000000007e7fffff] ACPI data
[    0.000000] BIOS-e820: [mem 0x00000000fec00000-0x00000000fec00fff] reserved
[    0.000000] BIOS-e820: [mem 0x00000000fee00000-0x00000000fee00fff] reserved
[    0.000000] BIOS-e820: [mem 0x00000000fffc0000-0x00000000ffffffff] reserved
[    0.000000] NX (Execute Disable) protection: active
[    0.000000] SMBIOS 2.5 present.
[    0.000000] DMI: innotek GmbH VirtualBox/VirtualBox, BIOS VirtualBox 12/01/2006
[    0.000000] Hypervisor detected: KVM
[    0.000000] e820: last_pfn = 0x7e7f0 max_arch_pfn = 0x400000000
[    0.000000] MTRR: Disabled
[    0.000000] x86/PAT: MTRRs disabled, skipping PAT initialization too.
[    0.000000] CPU MTRRs all blank - virtualized system.
[    0.000000] x86/PAT: Configuration [0-7]: WB  WT  UC- UC  WB  WT  UC- UC  
[    0.000000] found SMP MP-table at [mem 0x0009fff0-0x0009ffff]
[    0.000000] Scanning 1 areas for low memory corruption
[    0.000000] RAMDISK: [mem 0x359cf000-0x36cdefff]
[    0.000000] ACPI: Early table checksum verification disabled
[    0.000000] ACPI: RSDP 0x00000000000E0000 000024 (v02 VBOX  )
[    0.000000] ACPI: XSDT 0x000000007E7F0030 00003C (v01 VBOX   VBOXXSDT 00000001 ASL  00000061)
[    0.000000] ACPI: FACP 0x000000007E7F00F0 0000F4 (v04 VBOX   VBOXFACP 00000001 ASL  00000061)
[    0.000000] ACPI: DSDT 0x000000007E7F0470 002325 (v02 VBOX   VBOXBIOS 00000002 INTL 20120111)
[    0.000000] ACPI: FACS 0x000000007E7F0200 000040
[    0.000000] ACPI: FACS 0x000000007E7F0200 000040
[    0.000000] ACPI: APIC 0x000000007E7F0240 00005C (v02 VBOX   VBOXAPIC 00000001 ASL  00000061)
[    0.000000] ACPI: SSDT 0x000000007E7F02A0 0001CC (v01 VBOX   VBOXCPUT 00000002 INTL 20120111)
[    0.000000] ACPI: Reserving FACP table memory at [mem 0x7e7f00f0-0x7e7f01e3]
[    0.000000] ACPI: Reserving DSDT table memory at [mem 0x7e7f0470-0x7e7f2794]
[    0.000000] ACPI: Reserving FACS table memory at [mem 0x7e7f0200-0x7e7f023f]
[    0.000000] ACPI: Reserving FACS table memory at [mem 0x7e7f0200-0x7e7f023f]
[    0.000000] ACPI: Reserving APIC table memory at [mem 0x7e7f0240-0x7e7f029b]
[    0.000000] ACPI: Reserving SSDT table memory at [mem 0x7e7f02a0-0x7e7f046b]
[    0.000000] No NUMA configuration found
[    0.000000] Faking a node at [mem 0x0000000000000000-0x000000007e7effff]
[    0.000000] NODE_DATA(0) allocated [mem 0x7e7c5000-0x7e7effff]
[    0.000000] kvm-clock: cpu 0, msr 0:7e744001, primary cpu clock
[    0.000000] kvm-clock: Using msrs 4b564d01 and 4b564d00
[    0.000000] kvm-clock: using sched offset of 4354580050 cycles
[    0.000000] clocksource: kvm-clock: mask: 0xffffffffffffffff max_cycles: 0x1cd42e4dffb, max_idle_ns: 881590591483 ns
[    0.000000] Zone ranges:
[    0.000000]   DMA      [mem 0x0000000000001000-0x0000000000ffffff]
[    0.000000]   DMA32    [mem 0x0000000001000000-0x000000007e7effff]
[    0.000000]   Normal   empty
[    0.000000]   Device   empty
[    0.000000] Movable zone start for each node
[    0.000000] Early memory node ranges
[    0.000000]   node   0: [mem 0x0000000000001000-0x000000000009efff]
[    0.000000]   node   0: [mem 0x0000000000100000-0x000000007e7effff]
[    0.000000] Reserved but unavailable: 104 pages
[    0.000000] Initmem setup node 0 [mem 0x0000000000001000-0x000000007e7effff]
[    0.000000] ACPI: PM-Timer IO Port: 0x4008
[    0.000000] IOAPIC[0]: apic_id 2, version 32, address 0xfec00000, GSI 0-23
[    0.000000] ACPI: INT_SRC_OVR (bus 0 bus_irq 0 global_irq 2 dfl dfl)
[    0.000000] ACPI: INT_SRC_OVR (bus 0 bus_irq 9 global_irq 9 low level)
[    0.000000] Using ACPI (MADT) for SMP configuration information
[    0.000000] smpboot: Allowing 2 CPUs, 0 hotplug CPUs
[    0.000000] PM: Registered nosave memory: [mem 0x00000000-0x00000fff]
[    0.000000] PM: Registered nosave memory: [mem 0x0009f000-0x0009ffff]
[    0.000000] PM: Registered nosave memory: [mem 0x000a0000-0x000effff]
[    0.000000] PM: Registered nosave memory: [mem 0x000f0000-0x000fffff]
[    0.000000] e820: [mem 0x7e800000-0xfebfffff] available for PCI devices
[    0.000000] Booting paravirtualized kernel on KVM
[    0.000000] clocksource: refined-jiffies: mask: 0xffffffff max_cycles: 0xffffffff, max_idle_ns: 7645519600211568 ns
[    0.000000] random: get_random_bytes called from start_kernel+0x99/0x500 with crng_init=0
[    0.000000] setup_percpu: NR_CPUS:8192 nr_cpumask_bits:2 nr_cpu_ids:2 nr_node_ids:1
[    0.000000] percpu: Embedded 45 pages/cpu s147456 r8192 d28672 u1048576
[    0.000000] PV qspinlock hash table entries: 256 (order: 0, 4096 bytes)
[    0.000000] Built 1 zonelists, mobility grouping on.  Total pages: 509913
[    0.000000] Policy zone: DMA32
[    0.000000] Kernel command line: BOOT_IMAGE=/boot/vmlinuz-4.15.0-156-generic root=LABEL=cloudimg-rootfs ro console=tty1 console=ttyS0
[    0.000000] Memory: 1990332K/2072120K available (12300K kernel code, 2483K rwdata, 4320K rodata, 2448K init, 2724K bss, 81788K reserved, 0K cma-reserved)
[    0.000000] SLUB: HWalign=64, Order=0-3, MinObjects=0, CPUs=2, Nodes=1
[    0.000000] Kernel/User page tables isolation: enabled
[    0.000000] ftrace: allocating 39466 entries in 155 pages
[    0.004000] Hierarchical RCU implementation.
[    0.004000] 	RCU restricting CPUs from NR_CPUS=8192 to nr_cpu_ids=2.
[    0.004000] 	Tasks RCU enabled.
[    0.004000] RCU: Adjusting geometry for rcu_fanout_leaf=16, nr_cpu_ids=2
[    0.004000] NR_IRQS: 524544, nr_irqs: 440, preallocated irqs: 16
[    0.004000] Console: colour VGA+ 80x25
[    0.004000] console [tty1] enabled
[    0.004000] console [ttyS0] enabled
[    0.004000] ACPI: Core revision 20170831
[    0.004000] ACPI: 2 ACPI AML tables successfully acquired and loaded
[    0.004000] APIC: Switch to symmetric I/O mode setup
[    0.004000] x2apic enabled
[    0.004000] Switched APIC routing to physical x2apic.
[    0.004000] ..TIMER: vector=0x30 apic1=0 pin1=2 apic2=-1 pin2=-1
[    0.004004] tsc: Detected 1996.799 MHz processor
[    0.004978] Calibrating delay loop (skipped) preset value.. 3993.59 BogoMIPS (lpj=7987196)
[    0.005572] pid_max: default: 32768 minimum: 301
[    0.008024] Security Framework initialized
[    0.008845] Yama: becoming mindful.
[    0.009548] AppArmor: AppArmor initialized
[    0.012102] Dentry cache hash table entries: 262144 (order: 9, 2097152 bytes)
[    0.016009] Inode-cache hash table entries: 131072 (order: 8, 1048576 bytes)
[    0.017374] Mount-cache hash table entries: 4096 (order: 3, 32768 bytes)
[    0.020005] Mountpoint-cache hash table entries: 4096 (order: 3, 32768 bytes)
[    0.021592] Last level iTLB entries: 4KB 0, 2MB 0, 4MB 0
[    0.022624] Last level dTLB entries: 4KB 0, 2MB 0, 4MB 0, 1GB 0
[    0.023756] Spectre V1 : Mitigation: usercopy/swapgs barriers and __user pointer sanitization
[    0.024003] Spectre V2 : Mitigation: Full generic retpoline
[    0.025085] Spectre V2 : Spectre v2 / SpectreRSB mitigation: Filling RSB on context switch
[    0.026648] Speculative Store Bypass: Vulnerable
[    0.028043] MDS: Mitigation: Clear CPU buffers
[    0.029069] Freeing SMP alternatives memory: 36K
[    0.141315] smpboot: CPU0: Intel(R) Core(TM) i5-1038NG7 CPU @ 2.00GHz (family: 0x6, model: 0x7e, stepping: 0x5)
[    0.144000] Performance Events: unsupported p6 CPU model 126 no PMU driver, software events only.
[    0.144033] Hierarchical SRCU implementation.
[    0.145814] NMI watchdog: Perf event create on CPU 0 failed with -2
[    0.148003] NMI watchdog: Perf NMI watchdog permanently disabled
[    0.149991] smp: Bringing up secondary CPUs ...
[    0.150997] x86: Booting SMP configuration:
[    0.152003] .... node  #0, CPUs:      #1
[    0.004000] kvm-clock: cpu 1, msr 0:7e744041, secondary cpu clock
[    0.156019] smp: Brought up 1 node, 2 CPUs
[    0.157016] smpboot: Max logical packages: 1
[    0.157847] smpboot: Total of 2 processors activated (7987.19 BogoMIPS)
[    0.160048] devtmpfs: initialized
[    0.160722] x86/mm: Memory block size: 128MB
[    0.161720] evm: security.selinux
[    0.162470] evm: security.SMACK64
[    0.163133] evm: security.SMACK64EXEC
[    0.164005] evm: security.SMACK64TRANSMUTE
[    0.165580] evm: security.SMACK64MMAP
[    0.166303] evm: security.apparmor
[    0.168002] evm: security.ima
[    0.168664] evm: security.capability
[    0.169406] clocksource: jiffies: mask: 0xffffffff max_cycles: 0xffffffff, max_idle_ns: 7645041785100000 ns
[    0.169851] futex hash table entries: 512 (order: 3, 32768 bytes)
[    0.172056] pinctrl core: initialized pinctrl subsystem
[    0.173463] RTC time: 20:27:32, date: 10/01/21
[    0.174573] NET: Registered protocol family 16
[    0.176122] audit: initializing netlink subsys (disabled)
[    0.177361] audit: type=2000 audit(1633120058.844:1): state=initialized audit_enabled=0 res=1
[    0.178071] cpuidle: using governor ladder
[    0.180021] cpuidle: using governor menu
[    0.180882] ACPI: bus type PCI registered
[    0.181783] acpiphp: ACPI Hot Plug PCI Controller Driver version: 0.5
[    0.183184] PCI: Using configuration type 1 for base access
[    0.188040] HugeTLB registered 2.00 MiB page size, pre-allocated 0 pages
[    0.189517] ACPI: Added _OSI(Module Device)
[    0.192005] ACPI: Added _OSI(Processor Device)
[    0.192997] ACPI: Added _OSI(3.0 _SCP Extensions)
[    0.193969] ACPI: Added _OSI(Processor Aggregator Device)
[    0.195159] ACPI: Added _OSI(Linux-Dell-Video)
[    0.196003] ACPI: Added _OSI(Linux-Lenovo-NV-HDMI-Audio)
[    0.197158] ACPI: Added _OSI(Linux-HPI-Hybrid-Graphics)
[    0.198651] ACPI: Executed 1 blocks of module-level executable AML code
[    0.203259] ACPI: Interpreter enabled
[    0.204013] ACPI: (supports S0 S5)
[    0.204785] ACPI: Using IOAPIC for interrupt routing
[    0.206247] PCI: Using host bridge windows from ACPI; if necessary, use "pci=nocrs" and report a bug
[    0.208265] ACPI: Enabled 2 GPEs in block 00 to 07
[    0.217513] ACPI: PCI Root Bridge [PCI0] (domain 0000 [bus 00-ff])
[    0.218924] acpi PNP0A03:00: _OSC: OS supports [ASPM ClockPM Segments MSI]
[    0.220586] acpi PNP0A03:00: _OSC: not requesting OS control; OS requires [ExtendedConfig ASPM ClockPM MSI]
[    0.222673] acpi PNP0A03:00: fail to add MMCONFIG information, can't access extended PCI configuration space under this bridge.
[    0.224565] PCI host bridge to bus 0000:00
[    0.225486] pci_bus 0000:00: root bus resource [io  0x0000-0x0cf7 window]
[    0.228016] pci_bus 0000:00: root bus resource [io  0x0d00-0xffff window]
[    0.229545] pci_bus 0000:00: root bus resource [mem 0x000a0000-0x000bffff window]
[    0.231203] pci_bus 0000:00: root bus resource [mem 0x7e800000-0xfdffffff window]
[    0.232006] pci_bus 0000:00: root bus resource [bus 00-ff]
[    0.240512] pci 0000:00:01.1: legacy IDE quirk: reg 0x10: [io  0x01f0-0x01f7]
[    0.242564] pci 0000:00:01.1: legacy IDE quirk: reg 0x14: [io  0x03f6]
[    0.244004] pci 0000:00:01.1: legacy IDE quirk: reg 0x18: [io  0x0170-0x0177]
[    0.245434] pci 0000:00:01.1: legacy IDE quirk: reg 0x1c: [io  0x0376]
[    0.268554] pci 0000:00:07.0: quirk: [io  0x4000-0x403f] claimed by PIIX4 ACPI
[    0.270865] pci 0000:00:07.0: quirk: [io  0x4100-0x410f] claimed by PIIX4 SMB
[    0.286346] ACPI: PCI Interrupt Link [LNKA] (IRQs 5 9 10 *11)
[    0.288309] ACPI: PCI Interrupt Link [LNKB] (IRQs 5 9 *10 11)
[    0.289550] ACPI: PCI Interrupt Link [LNKC] (IRQs 5 *9 10 11)
[    0.291252] ACPI: PCI Interrupt Link [LNKD] (IRQs 5 9 10 *11)
[    0.292355] SCSI subsystem initialized
[    0.293164] pci 0000:00:02.0: vgaarb: setting as boot VGA device
[    0.293759] pci 0000:00:02.0: vgaarb: VGA device added: decodes=io+mem,owns=io+mem,locks=none
[    0.296012] pci 0000:00:02.0: vgaarb: bridge control possible
[    0.300012] vgaarb: loaded
[    0.300600] ACPI: bus type USB registered
[    0.301580] usbcore: registered new interface driver usbfs
[    0.302638] usbcore: registered new interface driver hub
[    0.303654] usbcore: registered new device driver usb
[    0.304061] EDAC MC: Ver: 3.0.0
[    0.304942] PCI: Using ACPI for IRQ routing
[    0.305232] NetLabel: Initializing
[    0.308003] NetLabel:  domain hash size = 128
[    0.308883] NetLabel:  protocols = UNLABELED CIPSOv4 CALIPSO
[    0.309979] NetLabel:  unlabeled traffic allowed by default
[    0.311059] clocksource: Switched to clocksource kvm-clock
[    0.324239] VFS: Disk quotas dquot_6.6.0
[    0.325591] VFS: Dquot-cache hash table entries: 512 (order 0, 4096 bytes)
[    0.327023] AppArmor: AppArmor Filesystem Enabled
[    0.327983] pnp: PnP ACPI init
[    0.330180] pnp: PnP ACPI: found 3 devices
[    0.338326] clocksource: acpi_pm: mask: 0xffffff max_cycles: 0xffffff, max_idle_ns: 2085701024 ns
[    0.340697] NET: Registered protocol family 2
[    0.341663] IP idents hash table entries: 32768 (order: 6, 262144 bytes)
[    0.343223] TCP established hash table entries: 16384 (order: 5, 131072 bytes)
[    0.345828] TCP bind hash table entries: 16384 (order: 6, 262144 bytes)
[    0.349774] TCP: Hash tables configured (established 16384 bind 16384)
[    0.351255] UDP hash table entries: 1024 (order: 3, 32768 bytes)
[    0.352466] UDP-Lite hash table entries: 1024 (order: 3, 32768 bytes)
[    0.354082] NET: Registered protocol family 1
[    0.354979] pci 0000:00:00.0: Limiting direct PCI/PCI transfers
[    0.356170] pci 0000:00:01.0: Activating ISA DMA hang workarounds
[    0.357437] pci 0000:00:02.0: Video device with shadowed ROM at [mem 0x000c0000-0x000dffff]
[    0.359155] Unpacking initramfs...
[    0.672427] Freeing initrd memory: 19520K
[    0.673713] clocksource: tsc: mask: 0xffffffffffffffff max_cycles: 0x3990bc5adef, max_idle_ns: 881590438240 ns
[    0.676954] platform rtc_cmos: registered platform RTC device (no PNP device found)
[    0.678943] Scanning for low memory corruption every 60 seconds
[    0.681543] Initialise system trusted keyrings
[    0.682536] Key type blacklist registered
[    0.683519] workingset: timestamp_bits=36 max_order=19 bucket_order=0
[    0.689156] zbud: loaded
[    0.690791] squashfs: version 4.0 (2009/01/31) Phillip Lougher
[    0.692225] fuse init (API version 7.26)
[    0.695023] Key type asymmetric registered
[    0.695849] Asymmetric key parser 'x509' registered
[    0.696867] Block layer SCSI generic (bsg) driver version 0.4 loaded (major 246)
[    0.698334] io scheduler noop registered
[    0.699117] io scheduler deadline registered
[    0.700311] io scheduler cfq registered (default)
[    0.701943] ACPI: AC Adapter [AC] (off-line)
[    0.702857] input: Power Button as /devices/LNXSYSTM:00/LNXPWRBN:00/input/input0
[    0.704408] ACPI: Power Button [PWRF]
[    0.705216] input: Sleep Button as /devices/LNXSYSTM:00/LNXSLPBN:00/input/input1
[    0.706664] ACPI: Sleep Button [SLPF]
[    0.709064] ACPI: Battery Slot [BAT0] (battery present)
[    0.710338] Serial: 8250/16550 driver, 32 ports, IRQ sharing enabled
[    0.733696] 00:02: ttyS0 at I/O 0x3f8 (irq = 4, base_baud = 115200) is a 16550A
[    0.738454] Linux agpgart interface v0.103
[    0.741124] loop: module loaded
[    0.742307] scsi host0: ata_piix
[    0.743096] scsi host1: ata_piix
[    0.744128] ata1: PATA max UDMA/33 cmd 0x1f0 ctl 0x3f6 bmdma 0xd000 irq 14
[    0.745790] ata2: PATA max UDMA/33 cmd 0x170 ctl 0x376 bmdma 0xd008 irq 15
[    0.747244] libphy: Fixed MDIO Bus: probed
[    0.748087] tun: Universal TUN/TAP device driver, 1.6
[    0.749196] PPP generic driver version 2.4.2
[    0.750130] ehci_hcd: USB 2.0 'Enhanced' Host Controller (EHCI) Driver
[    0.751383] ehci-pci: EHCI PCI platform driver
[    0.752304] ehci-platform: EHCI generic platform driver
[    0.753791] ohci_hcd: USB 1.1 'Open' Host Controller (OHCI) Driver
[    0.755027] ohci-pci: OHCI PCI platform driver
[    0.755900] ohci-platform: OHCI generic platform driver
[    0.756992] uhci_hcd: USB Universal Host Controller Interface driver
[    0.758254] i8042: PNP: PS/2 Controller [PNP0303:PS2K,PNP0f03:PS2M] at 0x60,0x64 irq 1,12
[    0.760252] serio: i8042 KBD port at 0x60,0x64 irq 1
[    0.761317] serio: i8042 AUX port at 0x60,0x64 irq 12
[    0.762652] mousedev: PS/2 mouse device common for all mice
[    0.764542] input: AT Translated Set 2 keyboard as /devices/platform/i8042/serio0/input/input2
[    0.766445] rtc_cmos rtc_cmos: rtc core: registered rtc_cmos as rtc0
[    0.767751] rtc_cmos rtc_cmos: alarms up to one day, 114 bytes nvram
[    0.769027] i2c /dev entries driver
[    0.769798] device-mapper: uevent: version 1.0.3
[    0.770806] device-mapper: ioctl: 4.37.0-ioctl (2017-09-20) initialised: dm-devel@redhat.com
[    0.772622] ledtrig-cpu: registered to indicate activity on CPUs
[    0.774037] NET: Registered protocol family 10
[    0.777854] Segment Routing with IPv6
[    0.778700] NET: Registered protocol family 17
[    0.779636] Key type dns_resolver registered
[    0.780690] mce: Using 0 MCE banks
[    0.781386] RAS: Correctable Errors collector initialized.
[    0.782441] sched_clock: Marking stable (780668934, 0)->(983461881, -202792947)
[    0.784491] registered taskstats version 1
[    0.785325] Loading compiled-in X.509 certificates
[    0.788202] Loaded X.509 cert 'Build time autogenerated kernel key: b39ba71f7e5bf175906d0a602aa7bdc709562f9b'
[    0.791227] Loaded X.509 cert 'Canonical Ltd. Live Patch Signing: 14df34d1a87cf37625abec039ef2bf521249b969'
[    0.793813] Loaded X.509 cert 'Canonical Ltd. Kernel Module Signing: 88f752e560a1e0737e31163a466ad7b70a850c19'
[    0.796003] zswap: loaded using pool lzo/zbud
[    0.799711] Key type big_key registered
[    0.800546] Key type trusted registered
[    0.802596] Key type encrypted registered
[    0.803413] AppArmor: AppArmor sha1 policy hashing enabled
[    0.804542] ima: No TPM chip found, activating TPM-bypass! (rc=-19)
[    0.805733] ima: Allocated hash algorithm: sha1
[    0.806624] evm: HMAC attrs: 0x1
[    0.807584]   Magic number: 9:148:497
[    0.808472] rtc_cmos rtc_cmos: setting system clock to 2021-10-01 20:27:33 UTC (1633120053)
[    0.810210] BIOS EDD facility v0.16 2004-Jun-25, 0 devices found
[    0.811378] EDD information not available.
[    0.930933] Freeing unused kernel image memory: 2448K
[    0.948521] Write protecting the kernel read-only data: 20480k
[    0.952776] Freeing unused kernel image memory: 2008K
[    0.955444] Freeing unused kernel image memory: 1824K
[    0.963657] x86/mm: Checked W+X mappings: passed, no W+X pages found.
[    0.965932] x86/mm: Checking user space page tables
[    0.972683] x86/mm: Checked W+X mappings: passed, no W+X pages found.
Loading, please wait...
starting version 237
[    1.034624] Fusion MPT base driver 3.04.20
[    1.035594] Copyright (c) 1999-2008 LSI Corporation
[    1.041019] e1000: Intel(R) PRO/1000 Network Driver - version 7.3.21-k8-NAPI
[    1.042593] e1000: Copyright (c) 1999-2006 Intel Corporation.
[    1.047437] Fusion MPT SPI Host driver 3.04.20
[    1.066974] AVX2 version of gcm_enc/dec engaged.
[    1.067964] AES CTR mode by8 optimization enabled
[    1.261272] input: ImExPS/2 Generic Explorer Mouse as /devices/platform/i8042/serio1/input/input4
[    1.450167] e1000 0000:00:03.0 eth0: (PCI:33MHz:32-bit) 02:d6:10:ef:a7:47
[    1.453268] e1000 0000:00:03.0 eth0: Intel(R) PRO/1000 Network Connection
[    1.456570] mptbase: ioc0: Initiating bringup
[    1.552231] ioc0: LSI53C1030 A0: Capabilities={Initiator}
[    1.817418] scsi host2: ioc0: LSI53C1030 A0, FwRev=00000000h, Ports=1, MaxQ=256, IRQ=20
[    1.990507] scsi 2:0:0:0: Direct-Access     VBOX     HARDDISK         1.0  PQ: 0 ANSI: 5
[    2.156066] scsi target2:0:0: Beginning Domain Validation
[    2.157879] scsi target2:0:0: Domain Validation skipping write tests
[    2.159164] scsi target2:0:0: Ending Domain Validation
[    2.160259] scsi target2:0:0: asynchronous
[    2.161384] scsi 2:0:1:0: Direct-Access     VBOX     HARDDISK         1.0  PQ: 0 ANSI: 5
[    2.404535] scsi target2:0:1: Beginning Domain Validation
[    2.407572] random: fast init done
[    2.409022] scsi target2:0:1: Domain Validation skipping write tests
[    2.410551] scsi target2:0:1: Ending Domain Validation
[    2.412077] scsi target2:0:1: asynchronous
[    2.415561] random: systemd-udevd: uninitialized urandom read (16 bytes read)
[    2.417052] random: systemd-udevd: uninitialized urandom read (16 bytes read)
[    2.417915] e1000 0000:00:08.0 eth1: (PCI:33MHz:32-bit) 08:00:27:ba:3c:bc
[    2.418412] random: systemd-udevd: uninitialized urandom read (16 bytes read)
[    2.419720] e1000 0000:00:08.0 eth1: Intel(R) PRO/1000 Network Connection
[    2.421570] sd 2:0:0:0: Attached scsi generic sg0 type 0
[    2.425121] sd 2:0:0:0: [sda] 83886080 512-byte logical blocks: (42.9 GB/40.0 GiB)
[    2.425886] e1000 0000:00:08.0 enp0s8: renamed from eth1
[    2.428575] sd 2:0:0:0: [sda] Write Protect is off
[    2.428702] sd 2:0:1:0: Attached scsi generic sg1 type 0
[    2.430655] sd 2:0:1:0: [sdb] 20480 512-byte logical blocks: (10.5 MB/10.0 MiB)
[    2.432393] sd 2:0:0:0: [sda] Incomplete mode parameter data
[    2.433499] sd 2:0:0:0: [sda] Assuming drive cache: write through
[    2.434691] sd 2:0:1:0: [sdb] Write Protect is off
[    2.435821] sd 2:0:1:0: [sdb] Incomplete mode parameter data
[    2.437008] sd 2:0:1:0: [sdb] Assuming drive cache: write through
[    2.439912]  sda: sda1
[    2.441202] sd 2:0:0:0: [sda] Attached SCSI disk
[    2.442546] sd 2:0:1:0: [sdb] Attached SCSI disk
[    2.444643] e1000 0000:00:03.0 enp0s3: renamed from eth0
Begin: Loading essential drivers ... [    3.832371] raid6: sse2x1   gen() 13550 MB/s
[    3.884098] raid6: sse2x1   xor()  8003 MB/s
[    3.932098] raid6: sse2x2   gen() 17398 MB/s
[    3.980145] raid6: sse2x2   xor() 11343 MB/s
[    4.034364] raid6: sse2x4   gen() 20310 MB/s
[    4.084042] raid6: sse2x4   xor() 10752 MB/s
[    4.136026] raid6: avx2x1   gen() 24295 MB/s
[    4.184132] raid6: avx2x1   xor() 14987 MB/s
[    4.232123] raid6: avx2x2   gen() 32421 MB/s
[    4.280167] raid6: avx2x2   xor() 21044 MB/s
[    4.328117] raid6: avx2x4   gen() 31632 MB/s
[    4.378254] raid6: avx2x4   xor() 21068 MB/s
[    4.380421] raid6: using algorithm avx2x2 gen() 32421 MB/s
[    4.382602] raid6: .... xor() 21044 MB/s, rmw enabled
[    4.384375] raid6: using avx2x2 recovery algorithm
[    4.386891] xor: automatically using best checksumming function   avx       
[    4.389245] async_tx: api initialized (async)
done.
Begin: Running /scripts/init-premount ... done.
Begin: Mounting root file system ... Begin: Running /scripts/local-top ... done.
Begin: Running /scripts/local-premount ... [    4.432719] Btrfs loaded, crc32c=crc32c-intel
Scanning for Btrfs filesystems
done.
Warning: fsck not present, so skipping root file system
[    4.463780] EXT4-fs (sda1): mounted filesystem with ordered data mode. Opts: (null)
done.
Begin: Running /scripts/local-bottom ... done.
Begin: Running /scripts/init-bottom ... done.
[    4.659633] ip_tables: (C) 2000-2006 Netfilter Core Team
[    4.670851] systemd[1]: systemd 237 running in system mode. (+PAM +AUDIT +SELINUX +IMA +APPARMOR +SMACK +SYSVINIT +UTMP +LIBCRYPTSETUP +GCRYPT +GNUTLS +ACL +XZ +LZ4 +SECCOMP +BLKID +ELFUTILS +KMOD -IDN2 +IDN -PCRE2 default-hierarchy=hybrid)
[    4.675040] systemd[1]: Detected virtualization oracle.
[    4.676100] systemd[1]: Detected architecture x86-64.

Welcome to [1mUbuntu 18.04.6 LTS[0m!

[    4.681765] systemd[1]: Set hostname to <ubuntu>.
[    4.686469] systemd[1]: Initializing machine ID from random generator.
[    4.687788] systemd[1]: Installed transient /etc/machine-id file.
[    4.940214] systemd[1]: Set up automount Arbitrary Executable File Formats File System Automount Point.
[[0;32m  OK  [0m] Set up automount Arbitrary Executabâ€¦rmats File System Automount Point.
[    4.943526] systemd[1]: Started Forward Password Requests to Wall Directory Watch.
[[0;32m  OK  [0m] Started Forward Password Requests to Wall Directory Watch.
[    4.947419] systemd[1]: Created slice User and Session Slice.
[[0;32m  OK  [0m] Created slice User and Session Slice.
[    4.949736] systemd[1]: Reached target System Time Synchronized.
[[0;32m  OK  [0m] Reached target System Time Synchronized.
[[0;32m  OK  [0m] Created slice System Slice.
[[0;32m  OK  [0m] Listening on LVM2 poll daemon socket.
[[0;32m  OK  [0m] Listening on Network Service Netlink Socket.
[[0;32m  OK  [0m] Listening on fsck to fsckd communication Socket.
[[0;32m  OK  [0m] Created slice system-serial\x2dgetty.slice.
[[0;32m  OK  [0m] Listening on udev Kernel Socket.
[[0;32m  OK  [0m] Listening on Syslog Socket.
[[0;32m  OK  [0m] Listening on /dev/initctl Compatibility Named Pipe.
[[0;32m  OK  [0m] Listening on Journal Audit Socket.
[[0;32m  OK  [0m] Listening on LVM2 metadata daemon socket.
[[0;32m  OK  [0m] Listening on Device-mapper event daemon FIFOs.
[[0;32m  OK  [0m] Reached target Slices.
[[0;32m  OK  [0m] Listening on Journal Socket (/dev/log).
[[0;32m  OK  [0m] Listening on udev Control Socket.
[[0;32m  OK  [0m] Reached target Swap.
[[0;32m  OK  [0m] Listening on Journal Socket.
         Mounting Kernel Debug File System...
         Starting Load Kernel Modules...
         Starting udev Coldplug all Devices...
         Starting Create list of required stâ€¦ce nodes for the current kernel...
         Starting Monitoring of LVM2 mirrorsâ€¦ng dmeventd or progress polling...
[    5.027532] Loading iSCSI transport class v2.0-870.
         Mounting POSIX Message Queue File System...
         Starting Uncomplicated firewall...
         Mounting Huge Pages File System...
         Starting File System Check on Root Device...
[    5.039004] iscsi: registered transport (tcp)
         Starting Journal Service...
         Starting Set the console keyboard layout...
[    5.060015] iscsi: registered transport (iser)
[[0;32m  OK  [0m] Reached target User and Group Name Lookups.
[[0;32m  OK  [0m] Started Journal Service.
[[0;32m  OK  [0m] Mounted Kernel Debug File System.
[[0;32m  OK  [0m] Started Load Kernel Modules.
[[0;32m  OK  [0m] Started Create list of required staâ€¦vice nodes for the current kernel.
[[0;32m  OK  [0m] Mounted POSIX Message Queue File System.
[[0;32m  OK  [0m] Started Uncomplicated firewall.
[[0;32m  OK  [0m] Mounted Huge Pages File System.
[[0;32m  OK  [0m] Started File System Check Daemon to report status.
[[0;32m  OK  [0m] Started LVM2 metadata daemon.
         Starting Create Static Device Nodes in /dev...
         Mounting Kernel Configuration File System...
         Mounting FUSE Control File System...
         Starting Apply Kernel Variables...
[[0;32m  OK  [0m] Mounted Kernel Configuration File System.
[[0;32m  OK  [0m] Started File System Check on Root Device.
[[0;32m  OK  [0m] Mounted FUSE Control File System.
         Starting Remount Root and Kernel File Systems...
[[0;32m  OK  [0m] Started udev Coldplug all Devices.
[[0;32m  OK  [0m] Started Create Static Device Nodes in /dev.
[[0;32m  OK  [0m] Started Apply Kernel Variables.
[[0;32m  OK  [0m] Started Remount Root and Kernel File Systems.
         Starting udev Kernel Device Manager...
         Starting Load/Save Random Seed...
         Starting Flush Journal to Persistent Storage...
[[0;32m  OK  [0m] Started Monitoring of LVM2 mirrors,â€¦sing dmeventd or progress polling.
[[0;32m  OK  [0m] Started Load/Save Random Seed.
[[0;32m  OK  [0m] Started udev Kernel Device Manager.
[[0;32m  OK  [0m] Started Flush Journal to Persistent Storage.
[[0;32m  OK  [0m] Found device /dev/ttyS0.
[[0;32m  OK  [0m] Listening on Load/Save RF Kill Switch Status /dev/rfkill Watch.
[[0;32m  OK  [0m] Started Set the console keyboard layout.
[[0;32m  OK  [0m] Started Dispatch Password Requests to Console Directory Watch.
[[0;32m  OK  [0m] Reached target Local Encrypted Volumes.
[[0;32m  OK  [0m] Reached target Local File Systems (Pre).
[[0;32m  OK  [0m] Reached target Local File Systems.
         Starting AppArmor initialization...
         Starting ebtables ruleset management...
         Starting Set console font and keymap...
         Starting Create Volatile Files and Directories...
         Starting Tell Plymouth To Write Out Runtime Data...
         Starting Commit a transient machine-id on disk...
[[0;32m  OK  [0m] Started Set console font and keymap.
[[0;32m  OK  [0m] Started Create Volatile Files and Directories.
[[0;32m  OK  [0m] Started Tell Plymouth To Write Out Runtime Data.
         Starting Update UTMP about System Boot/Shutdown...
[[0;32m  OK  [0m] Started Update UTMP about System Boot/Shutdown.
[[0;32m  OK  [0m] Started ebtables ruleset management.
[[0;32m  OK  [0m] Started Commit a transient machine-id on disk.
[[0;32m  OK  [0m] Started AppArmor initialization.
         Starting Load AppArmor profiles managed internally by snapd...
         Starting Initial cloud-init job (pre-networking)...
[[0;32m  OK  [0m] Started Load AppArmor profiles managed internally by snapd.
[    7.665132] cloud-init[732]: Cloud-init v. 21.2-3-g899bfaa9-0ubuntu2~18.04.1 running 'init-local' at Fri, 01 Oct 2021 20:27:40 +0000. Up 7.34 seconds.
[[0;32m  OK  [0m] Started Initial cloud-init job (pre-networking).
[[0;32m  OK  [0m] Reached target Network (Pre).
         Starting Network Service...
[[0;32m  OK  [0m] Started Network Service.
         Starting Wait for Network to be Configured...
         Starting Network Name Resolution...
[[0;32m  OK  [0m] Started Network Name Resolution.
[[0;32m  OK  [0m] Reached target Network.
[[0;32m  OK  [0m] Reached target Host and Network Name Lookups.
[[0;32m  OK  [0m] Started Wait for Network to be Configured.
         Starting Initial cloud-init job (metadata service crawler)...
[    9.558680] cloud-init[846]: Cloud-init v. 21.2-3-g899bfaa9-0ubuntu2~18.04.1 running 'init' at Fri, 01 Oct 2021 20:27:42 +0000. Up 9.44 seconds.
[    9.572380] cloud-init[846]: ci-info: ++++++++++++++++++++++++++++++++++++++Net device info+++++++++++++++++++++++++++++++++++++++
[    9.574368] cloud-init[846]: ci-info: +--------+-------+----------------------------+---------------+--------+-------------------+
[    9.576201] cloud-init[846]: ci-info: | Device |   Up  |          Address           |      Mask     | Scope  |     Hw-Address    |
[    9.577955] cloud-init[846]: ci-info: +--------+-------+----------------------------+---------------+--------+-------------------+
[    9.579803] cloud-init[846]: ci-info: | enp0s3 |  True |         10.0.2.15          | 255.255.255.0 | global | 02:d6:10:ef:a7:47 |
[    9.581314] cloud-init[846]: ci-info: | enp0s3 |  True | fe80::d6:10ff:feef:a747/64 |       .       |  link  | 02:d6:10:ef:a7:47 |
[    9.582744] cloud-init[846]: ci-info: | enp0s8 | False |             .              |       .       |   .    | 08:00:27:ba:3c:bc |
[    9.584622] cloud-init[846]: ci-info: |   lo   |  True |         127.0.0.1          |   255.0.0.0   |  host  |         .         |
[    9.586428] cloud-init[846]: ci-info: |   lo   |  True |          ::1/128           |       .       |  host  |         .         |
[    9.588138] cloud-init[846]: ci-info: +--------+-------+----------------------------+---------------+--------+-------------------+
[    9.589899] cloud-init[846]: ci-info: ++++++++++++++++++++++++++++Route IPv4 info+++++++++++++++++++++++++++++
[    9.591436] cloud-init[846]: ci-info: +-------+-------------+----------+-----------------+-----------+-------+
[    9.593024] cloud-init[846]: ci-info: | Route | Destination | Gateway  |     Genmask     | Interface | Flags |
[    9.594585] cloud-init[846]: ci-info: +-------+-------------+----------+-----------------+-----------+-------+
[    9.596162] cloud-init[846]: ci-info: |   0   |   0.0.0.0   | 10.0.2.2 |     0.0.0.0     |   enp0s3  |   UG  |
[    9.597739] cloud-init[846]: ci-info: |   1   |   10.0.2.0  | 0.0.0.0  |  255.255.255.0  |   enp0s3  |   U   |
[    9.599284] cloud-init[846]: ci-info: |   2   |   10.0.2.2  | 0.0.0.0  | 255.255.255.255 |   enp0s3  |   UH  |
[    9.600853] cloud-init[846]: ci-info: +-------+-------------+----------+-----------------+-----------+-------+
[    9.602395] cloud-init[846]: ci-info: +++++++++++++++++++Route IPv6 info+++++++++++++++++++
[    9.603682] cloud-init[846]: ci-info: +-------+-------------+---------+-----------+-------+
[    9.605039] cloud-init[846]: ci-info: | Route | Destination | Gateway | Interface | Flags |
[    9.606343] cloud-init[846]: ci-info: +-------+-------------+---------+-----------+-------+
[    9.607525] cloud-init[846]: ci-info: |   1   |  fe80::/64  |    ::   |   enp0s3  |   U   |
[    9.608838] cloud-init[846]: ci-info: |   3   |    local    |    ::   |   enp0s3  |   U   |
[    9.610134] cloud-init[846]: ci-info: |   4   |   ff00::/8  |    ::   |   enp0s3  |   U   |
[    9.611429] cloud-init[846]: ci-info: +-------+-------------+---------+-----------+-------+
[   10.373966] cloud-init[846]: Generating public/private rsa key pair.
[   10.375197] cloud-init[846]: Your identification has been saved in /etc/ssh/ssh_host_rsa_key.
[   10.376603] cloud-init[846]: Your public key has been saved in /etc/ssh/ssh_host_rsa_key.pub.
[   10.378146] cloud-init[846]: The key fingerprint is:
[   10.378981] cloud-init[846]: SHA256:hV8N8lZcivLAcg4XUnlzK6Kn4zNftCA3F7GGzfGixSE root@ubuntu-bionic
[   10.380342] cloud-init[846]: The key's randomart image is:
[   10.381211] cloud-init[846]: +---[RSA 2048]----+
[   10.381966] cloud-init[846]: |        ..E.=....|
[   10.382724] cloud-init[846]: |         +.Xo@o. |
[   10.383488] cloud-init[846]: |        + O.#o+. |
[   10.392272] cloud-init[846]: |         O.X.o.  |
[   10.404303] cloud-init[846]: |        S.B.+.   |
[   10.405235] cloud-init[846]: |        .o.= .   |
[   10.406138] cloud-init[846]: |         o  o    |
[   10.406811] cloud-init[846]: |        =  .     |
[   10.407614] cloud-init[846]: |       ..=.      |
[   10.408303] cloud-init[846]: +----[SHA256]-----+
[   10.409058] cloud-init[846]: Generating public/private dsa key pair.
[   10.410129] cloud-init[846]: Your identification has been saved in /etc/ssh/ssh_host_dsa_key.
[   10.411703] cloud-init[846]: Your public key has been saved in /etc/ssh/ssh_host_dsa_key.pub.
[   10.424364] cloud-init[846]: The key fingerprint is:
[   10.436902] cloud-init[846]: SHA256:RsWATaW6sH1REv5vpIbX+el7KvohMgVvDbjsdG+eYks root@ubuntu-bionic
[   10.437183] cloud-init[846]: The key's randomart image is:
[[0;32m  OK  [0m] Started Initial cloud-init job (metadata service crawler).
[   10.437662] cloud-init[846]: +---[DSA 1024]----+
[   10.454032] cloud-init[846]: |       +++o      |
[[0;32m  OK  [0m[   10.454839] ] Reached target System Initialization.cloud-init
[846]: |      ...=.      |
[   10.455875] cloud-init[846]: |        B o      |
[   10.456715] cloud-init[846]: |       + B o     |
[[   10.457568] cloud-init[846]: |    . . S * o    |
[   10.457729] cloud-init[846]: |     + = * * .   |
[   10.458365] cloud-init[846]: |    . o * E O    |
[   10.458958] cloud-init[846]: |       . *o=.+ ..|
[   10.459540] cloud-init[846]: |         .o=+o*+ |
[   10.460555] cloud-init[846]: +----[SHA256]-----+
[   10.461351] cloud-init[846]: Generating public/private ecdsa key pair.
[   10.461686] cloud-init[846]: Your identification has been saved in /etc/ssh/ssh_host_ecdsa_key.
[   10.462687] cloud-init[846]: Your public key has been saved in /etc/ssh/ssh_host_ecdsa_key.pub.
[   10.463549] cloud-init[846]: The key fingerprint is:
[   10.463736] cloud-init[846]: SHA256:NnUtq2/03KukNnpCN35KMYv9rDT/Pd5Wsxm24oC+Sqc root@ubuntu-bionic
[0;32m  OK  [0m] Started ACPI Events Check.
[   10.464951] cloud-init[846]: The key's randomart image is:
[[0;32m  OK  [0m] Listening on ACPID Listen Socket.
[   10.474896] cloud-init         Starting Socket activation for snappy daemon.
[[0;32m  OK  [0m] Started Daily Cleanup of Temporary Directories.
[[0;32m  OK  [0m] Listening on D-Bus System Message Bus Socket.
[[0;32m  OK  [0m] Started Message of the Day.
[[0;32m  OK  [0m] Started Ubuntu Advantage update messaging.
[846]: +---[ECDSA 256]---+
[[0;32m  OK  [0m] Started Daily apt download activities.
[   10.481669] [[0;32m  OK  [0m] Started Daily apt upgrade and clean activities.
[[0;32m  OK  [0m] Listening on UUID daemon activation socket.
cloud-init[846]: |                 |
[   10.495829] [[0;32m  OK  [0m] Reached target Paths.
[[0;32m  OK  [0m] Listening on Open-iSCSI iscsid Socket.
[[0;32m  OK  [0m] Started Discard unused blocks once a week.
[[0;32m  OK  [0m] Reached target Timers.
cloud-init[846]: |             .   |
[   10.499538] cloud-init[846]: |          . o .  |
[   10.500385] cloud-init[846]: |         . . o   |
         Starting LXD - unix socket.
[[0;32m  OK  [0m] Reached target Cloud-config availability.
[[0;32m  OK  [0m] Reached target Network is Online.
[   10.515894] cloud-init[846]: |        S  o.    |
[   10.538341] cloud-init[846]: |       . o++=  +.|
[   10.539363] cloud-init[846]: |       ..++O.+..B|
[[0;32m  OK  [0m[   10.540151] ] cloud-init[846]: Reached target Remote File Systems (Pre).
|      . +.o*Xoo==|
[[   10.542557] cloud-init[846]: |       E.+*=B*===|
[   10.542652] cloud-init[846]: +----[SHA256]-----+
[0;32m  OK  [0m] Reached target Remote File Systems.
[   10.543859] cloud-init[846]: Generating public/private ed25519 key pair.
[   10.546476] cloud-init[846]: Your identification has been saved in /etc/ssh/ssh_host_ed25519_key.
[   10.547925] cloud-init[846]: Your public key has been saved in /etc/ssh/ssh_host_ed25519_key.pub.
[   10.549285] cloud-init[846]: The key fingerprint is:
[   10.550082] cloud-init[846]: SHA256:vzXna5bM0+6et9yPxU85Xde++l4yZ/kpm6RwUxEp7vg root@ubuntu-bionic
[   10.551331] cloud-init[846]: The key's randomart image is:
[   10.552256] cloud-init[846]: +--[ED25519 256]--+
[   10.553024] cloud-init[846]: |             ..  |
[   10.553801] cloud-init[846]: |           . ..  |
[   10.554589] cloud-init[846]: |          . ..   |
[   10.563345] cloud-init[846]: |           .  . .|
         Starting Availability of block devices...
[   10.564821] [[0;32m  OK  [0m] Listening on Socket activation for snappy daemon.
cloud-init[846]: |        S o  .  +|
[[0;32m  OK  [0m] Listening on LXD - unix socket.
[   10.590295] cloud-init[846]: |         o ..  o*|
[   10.591693] [[0;32m  OK  [0m] Started Availability of block devices.
[[0;32m  OK  [0m] Reached target Sockets.
[[0;32m  OK  [0m] Reached target Basic System.
cloud-init[846]: |         .ooo++*X|
[[0;32m  OK  [0m] Started irqbalance daemon.
         Starting Login Service...
[   10.596398] cloud-init[846]: |          oE+=XO%|
[   10.625308] cloud-init[846]: |          .. *X#%|
[[0;32m  OK  [0m] Started Regular background program processing daemon.
[   10.641489] cloud-init[846]: +----[SHA256]-----+
         Starting LSB: Record successful boot for GRUB...
         Starting LXD - container startup/shutdown...
         Starting Pollinate to seed the pseudo random number generator...
         Starting LSB: automatic crash report generation...
         Starting System Logging Service...
         Starting Dispatcher daemon for systemd-networkd...
[[0;32m  OK  [0m] Started FUSE filesystem for LXC.
         Starting Accounts Service...
[[0;32m  OK  [0m] Started D-Bus System Message Bus.
[[0;32m  OK  [0m] Started Login Service.
         Starting Virtualbox guest utils...
         Starting Permit User Sessions...
         Starting Snap Daemon...
[[0;32m  OK  [0m] Started Deferred execution scheduler.
[[0;32m  OK  [0m] Started Unattended Upgrades Shutdown.
[[0;32m  OK  [0m] Started System Logging Service.
[[0;32m  OK  [0m] Started Permit User Sessions.
         Starting Authorization Manager...
         Starting Terminate Plymouth Boot Screen...
         Starting Hold until boot process finishes up...
[[0;32m  OK  [0m] Started Hold until boot process finishes up.
[[0;32m  OK  [0m] Started Serial Getty on ttyS0.
         Starting Set console scheme...
[[0;32m  OK  [0m] Started Terminate Plymouth Boot Screen.
[[0;32m  OK  [0m] Started LXD - container startup/shutdown.
[[0;32m  OK  [0m] Started LSB: Record successful boot for GRUB.
[[0;32m  OK  [0m] Started Set console scheme.
[[0;32m  OK  [0m] Created slice system-getty.slice.
[[0;32m  OK  [0m] Started Getty on tty1.
[[0;32m  OK  [0m] Reached target Login Prompts.
[[0;32m  OK  [0m] Started LSB: automatic crash report generation.
[[0;32m  OK  [0m] Started Authorization Manager.
[[0;32m  OK  [0m] Started Accounts Service.
[[0;32m  OK  [0m] Started Virtualbox guest utils.
[[0;32m  OK  [0m] Started Dispatcher daemon for systemd-networkd.
[[0;32m  OK  [0m] Started Snap Daemon.
         Starting Wait until snapd is fully seeded...
[[0;32m  OK  [0m] Started Pollinate to seed the pseudo random number generator.
         Starting OpenBSD Secure Shell server...
[[0;32m  OK  [0m] Started OpenBSD Secure Shell server.
[[0;32m  OK  [0m] Created slice User Slice of vagrant.
         Starting User Manager for UID 1000...
[[0;32m  OK  [0m] Started Session 1 of user vagrant.
[[0;32m  OK  [0m] Started User Manager for UID 1000.
[[0;32m  OK  [0m] Started Wait until snapd is fully seeded.
         Starting Apply the settings specified in cloud-config...
[[0;32m  OK  [0m] Reached target Multi-User System.
[[0;32m  OK  [0m] Reached target Graphical Interface.
         Starting Update UTMP about System Runlevel Changes...
[[0;32m  OK  [0m] Started Update UTMP about System Runlevel Changes.
[   14.921779] cloud-init[1542]: Cloud-init v. 21.2-3-g899bfaa9-0ubuntu2~18.04.1 running 'modules:config' at Fri, 01 Oct 2021 20:27:47 +0000. Up 14.49 seconds.
[[0;32m  OK  [0m] Started Apply the settings specified in cloud-config.
         Starting Execute cloud user/final scripts...
         Starting Hostname Service...
ci-info: no authorized SSH keys fingerprints found for user ubuntu.
[[0;32m  OK  [0m] Started Hostname Service.
<14>Oct  1 20:27:48 cloud-init: #############################################################
<14>Oct  1 20:27:48 cloud-init: -----BEGIN SSH HOST KEY FINGERPRINTS-----
<14>Oct  1 20:27:48 cloud-init: 1024 SHA256:RsWATaW6sH1REv5vpIbX+el7KvohMgVvDbjsdG+eYks root@ubuntu-bionic (DSA)
<14>Oct  1 20:27:48 cloud-init: 256 SHA256:NnUtq2/03KukNnpCN35KMYv9rDT/Pd5Wsxm24oC+Sqc root@ubuntu-bionic (ECDSA)
<14>Oct  1 20:27:48 cloud-init: 256 SHA256:vzXna5bM0+6et9yPxU85Xde++l4yZ/kpm6RwUxEp7vg root@ubuntu-bionic (ED25519)
<14>Oct  1 20:27:48 cloud-init: 2048 SHA256:hV8N8lZcivLAcg4XUnlzK6Kn4zNftCA3F7GGzfGixSE root@ubuntu-bionic (RSA)
<14>Oct  1 20:27:48 cloud-init: -----END SSH HOST KEY FINGERPRINTS-----
<14>Oct  1 20:27:48 cloud-init: #############################################################
-----BEGIN SSH HOST KEY KEYS-----
ecdsa-sha2-nistp256 AAAAE2VjZHNhLXNoYTItbmlzdHAyNTYAAAAIbmlzdHAyNTYAAABBBF4Gt36NkDJvPyuXPAVI2xx1nhf8DTXC/r3M0viIICLmaeTlZCZB10++fG4mbD5I8Eb40DdCPqoJOYCyG0ZEQFU= root@ubuntu-bionic
ssh-ed25519 AAAAC3NzaC1lZDI1NTE5AAAAIDz3GoBFoZ/xR9GOFPJkgRwBAdZX1JALcHIhd8u3dEDZ root@ubuntu-bionic
ssh-rsa AAAAB3NzaC1yc2EAAAADAQABAAABAQCx3VJFBE/hkX8xyZFc6V4qobgXwNyMIKTv/bRbHsLYbeubpn6pF7qsP63KtV40ccvF6lC/qvU9ykvmB8hCRasGFds654wz9A29Y7cW75vG7hFQub2kUkrNKV+yOem/95O7Y160NjbBvTpBIQ/husCB7r8UjCGA17IuO/+iPsw2od3IO84lGAvt7/TONiy+mVSu87ab9Y6mmw8Xij4Z3CykKHDzB48PEEVG3tXeu+m2/EUZEK2mkUGfqb1qgS5mIyK+WLxMnXrr7mwNbys1TM6Pgf2Qfx0Se1+8hLTCkzRZlgQKZKKTPEa7O6LheOHXW+RmzElwYMkTyrnZm+nBK51X root@ubuntu-bionic
-----END SSH HOST KEY KEYS-----
[   15.530689] cloud-init[1669]: Cloud-init v. 21.2-3-g899bfaa9-0ubuntu2~18.04.1 running 'modules:final' at Fri, 01 Oct 2021 20:27:48 +0000. Up 15.35 seconds.
[   15.532859] cloud-init[1669]: ci-info: no authorized SSH keys fingerprints found for user ubuntu.
[   15.539794] cloud-init[1669]: Cloud-init v. 21.2-3-g899bfaa9-0ubuntu2~18.04.1 finished at Fri, 01 Oct 2021 20:27:48 +0000. Datasource DataSourceNoCloud [seed=/dev/sdb][dsmode=net].  Up 15.52 seconds
[[0;32m  OK  [0m] Started Execute cloud user/final scripts.
[[0;32m  OK  [0m] Reached target Cloud-init target.

Ubuntu 18.04.6 LTS node-2 ttyS0

node-2 login: 